[I (n=500,p=20)] n=500 p=20 R=500  1.4 min  (failed reps: 0)
[II (n=200,p=50)] n=200 p=50 R=500  7.3 min  (failed reps: 0)
[III (n=2000,p=20, local boundary)] n=2000 p=20 R=500  2.9 min  (failed reps: 0)
[M (misspecified OM)] n=500 p=20 R=500  1.4 min  (failed reps: 0)
[P1 (n=500,p=100)] n=500 p=100 R=500  7.5 min  (failed reps: 0)
[P2 (n=500,p=200)] n=500 p=200 R=300  55.3 min  (failed reps: 0)
[C (AR(1) rho=.5, n=500,p=20)] n=500 p=20 R=500  1.7 min  (failed reps: 0)
[Bd (bounded Rademacher, n=500,p=20)] n=500 p=20 R=500  1.5 min  (failed reps: 0)
[H (heteroscedastic, n=500,p=20)] n=500 p=20 R=500  1.6 min  (failed reps: 0)
[IV6 (six instruments, n=500,p=20)] n=500 p=20 R=500  1.7 min  (failed reps: 0)
[B (boundary seq., kappa=1.50, b_n=0.693)] n=500 p=20 R=500  0.1 min  (failed reps: 0)
[B (boundary seq., kappa=1.10, b_n=0.334)] n=500 p=20 R=500  0.1 min  (failed reps: 0)
[B (boundary seq., kappa=0.75, b_n=0.176)] n=500 p=20 R=500  0.1 min  (failed reps: 0)
[B (boundary seq., kappa=1.50, b_n=0.469)] n=2000 p=20 R=500  0.2 min  (failed reps: 0)
[B (boundary seq., kappa=1.10, b_n=0.208)] n=2000 p=20 R=500  0.2 min  (failed reps: 0)
[B (boundary seq., kappa=0.75, b_n=0.102)] n=2000 p=20 R=500  0.2 min  (failed reps: 0)
[B (boundary seq., kappa=1.50, b_n=0.301)] n=8000 p=20 R=500  0.6 min  (failed reps: 0)
[B (boundary seq., kappa=1.10, b_n=0.125)] n=8000 p=20 R=500  0.6 min  (failed reps: 0)
[B (boundary seq., kappa=0.75, b_n=0.058)] n=8000 p=20 R=500  0.6 min  (failed reps: 0)
battery4 done: 84.7 min total
